// Jest Snapshot v1, https://goo.gl/fbAQLP

exports[`Test 1`] = `
<div
  className="css-4v8ryg-MenuBar"
  data-testid="container-link"
>
  <div
    className="css-1vfxa0x-MenuBar"
    onClick={[Function]}
    onMouseEnter={[Function]}
  >
    <img
      alt="Pikachu"
      className="css-1i0yynm-MenuBar"
      src="/pikachu.svg"
    />
    <p
      className="css-zotcb1-MenuBar"
    >
      Pokemon List
    </p>
  </div>
  <div
    className="css-1vfxa0x-MenuBar"
    data-testid="my-pokemon-link"
    onClick={[Function]}
    onMouseEnter={[Function]}
  >
    <img
      alt="Poke Ball"
      className="css-1i0yynm-MenuBar"
      src="/pokeballs.svg"
    />
    <p
      className="css-zotcb1-MenuBar"
    >
      My Pokemon
    </p>
  </div>
</div>
`;
